DEBUG    selenium.webdriver.common.selenium_manager:selenium_manager.py:101 Selenium Manager binary found at: C:\Users\DELL\PycharmProjects\New1\.venv\lib\site-packages\selenium\webdriver\common\windows\selenium-manager.exe
DEBUG    selenium.webdriver.common.selenium_manager:selenium_manager.py:114 Executing process: C:\Users\DELL\PycharmProjects\New1\.venv\lib\site-packages\selenium\webdriver\common\windows\selenium-manager.exe --browser chrome --debug --language-binding python --output json
DEBUG    selenium.webdriver.common.selenium_manager:selenium_manager.py:140 Sending stats to Plausible: Props { browser: "chrome", browser_version: "", os: "windows", arch: "amd64", lang: "python", selenium_version: "4.25" }
DEBUG    selenium.webdriver.common.selenium_manager:selenium_manager.py:140 chromedriver not found in PATH
DEBUG    selenium.webdriver.common.selenium_manager:selenium_manager.py:140 chrome detected at C:\Program Files\Google\Chrome\Application\chrome.exe
DEBUG    selenium.webdriver.common.selenium_manager:selenium_manager.py:140 Running command: wmic datafile where name='C:\\Program Files\\Google\\Chrome\\Application\\chrome.exe' get Version /value
DEBUG    selenium.webdriver.common.selenium_manager:selenium_manager.py:140 Output: "\r\r\n\r\r\nVersion=129.0.6668.101\r\r\n\r\r\n\r\r\n\r"
DEBUG    selenium.webdriver.common.selenium_manager:selenium_manager.py:140 Detected browser: chrome 129.0.6668.101
DEBUG    selenium.webdriver.common.selenium_manager:selenium_manager.py:140 Discovering versions from https://googlechromelabs.github.io/chrome-for-testing/known-good-versions-with-downloads.json
DEBUG    selenium.webdriver.common.selenium_manager:selenium_manager.py:140 Required driver: chromedriver 129.0.6668.100
DEBUG    selenium.webdriver.common.selenium_manager:selenium_manager.py:140 chromedriver 129.0.6668.100 already in the cache
DEBUG    selenium.webdriver.common.selenium_manager:selenium_manager.py:140 Driver path: C:\Users\DELL\.cache\selenium\chromedriver\win64\129.0.6668.100\chromedriver.exe
DEBUG    selenium.webdriver.common.selenium_manager:selenium_manager.py:140 Browser path: C:\Program Files\Google\Chrome\Application\chrome.exe
DEBUG    selenium.webdriver.common.service:service.py:222 Started executable: `C:\Users\DELL\.cache\selenium\chromedriver\win64\129.0.6668.100\chromedriver.exe` in a child process with pid: 32056 using 0 to output -3
DEBUG    selenium.webdriver.remote.remote_connection:remote_connection.py:305 POST http://localhost:58174/session {'capabilities': {'firstMatch': [{}], 'alwaysMatch': {'browserName': 'chrome', 'pageLoadStrategy': <PageLoadStrategy.normal: 'normal'>, 'browserVersion': None, 'goog:chromeOptions': {'extensions': [], 'binary': 'C:\\Program Files\\Google\\Chrome\\Application\\chrome.exe', 'args': []}}}}
DEBUG    urllib3.connectionpool:connectionpool.py:243 Starting new HTTP connection (1): localhost:58174
DEBUG    urllib3.connectionpool:connectionpool.py:546 http://localhost:58174 "POST /session HTTP/11" 200 0
DEBUG    selenium.webdriver.remote.remote_connection:remote_connection.py:334 Remote response: status=200 | data={"value":{"capabilities":{"acceptInsecureCerts":false,"browserName":"chrome","browserVersion":"129.0.6668.101","chrome":{"chromedriverVersion":"129.0.6668.100 (cf58cba358d31ce285c1970a79a9411d0fb381a5-refs/branch-heads/6668@{#1704})","userDataDir":"C:\\Users\\DELL\\AppData\\Local\\Temp\\scoped_dir32056_1000033760"},"fedcm:accounts":true,"goog:chromeOptions":{"debuggerAddress":"localhost:58179"},"networkConnectionEnabled":false,"pageLoadStrategy":"normal","platformName":"windows","proxy":{},"setWindowRect":true,"strictFileInteractability":false,"timeouts":{"implicit":0,"pageLoad":300000,"script":30000},"unhandledPromptBehavior":"dismiss and notify","webauthn:extension:credBlob":true,"webauthn:extension:largeBlob":true,"webauthn:extension:minPinLength":true,"webauthn:extension:prf":true,"webauthn:virtualAuthenticators":true},"sessionId":"04978daf5f135dd9a2b95ab0d05bd2f5"}} | headers=HTTPHeaderDict({'Content-Length': '883', 'Content-Type': 'application/json; charset=utf-8', 'cache-control': 'no-cache'})
DEBUG    selenium.webdriver.remote.remote_connection:remote_connection.py:361 Finished Request
DEBUG    selenium.webdriver.remote.remote_connection:remote_connection.py:305 POST http://localhost:58174/session/04978daf5f135dd9a2b95ab0d05bd2f5/timeouts {'implicit': 10000}
DEBUG    urllib3.connectionpool:connectionpool.py:546 http://localhost:58174 "POST /session/04978daf5f135dd9a2b95ab0d05bd2f5/timeouts HTTP/11" 200 0
DEBUG    selenium.webdriver.remote.remote_connection:remote_connection.py:334 Remote response: status=200 | data={"value":null} | headers=HTTPHeaderDict({'Content-Length': '14', 'Content-Type': 'application/json; charset=utf-8', 'cache-control': 'no-cache'})
DEBUG    selenium.webdriver.remote.remote_connection:remote_connection.py:361 Finished Request
DEBUG    selenium.webdriver.remote.remote_connection:remote_connection.py:305 POST http://localhost:58174/session/04978daf5f135dd9a2b95ab0d05bd2f5/url {'url': 'https://www.flipkart.com'}
DEBUG    urllib3.connectionpool:connectionpool.py:546 http://localhost:58174 "POST /session/04978daf5f135dd9a2b95ab0d05bd2f5/url HTTP/11" 200 0
DEBUG    selenium.webdriver.remote.remote_connection:remote_connection.py:334 Remote response: status=200 | data={"value":null} | headers=HTTPHeaderDict({'Content-Length': '14', 'Content-Type': 'application/json; charset=utf-8', 'cache-control': 'no-cache'})
DEBUG    selenium.webdriver.remote.remote_connection:remote_connection.py:361 Finished Request
DEBUG    selenium.webdriver.remote.remote_connection:remote_connection.py:305 POST http://localhost:58174/session/04978daf5f135dd9a2b95ab0d05bd2f5/element {'using': 'xpath', 'value': "//button[contains(text(), '✕')]"}
DEBUG    urllib3.connectionpool:connectionpool.py:546 http://localhost:58174 "POST /session/04978daf5f135dd9a2b95ab0d05bd2f5/element HTTP/11" 404 0
DEBUG    selenium.webdriver.remote.remote_connection:remote_connection.py:334 Remote response: status=404 | data={"value":{"error":"no such element","message":"no such element: Unable to locate element: {\"method\":\"xpath\",\"selector\":\"//button[contains(text(), '✕')]\"}\n  (Session info: chrome=129.0.6668.101)","stacktrace":"\tGetHandleVerifier [0x00007FF7AC06B095+29557]\n\t(No symbol) [0x00007FF7ABFDFA50]\n\t(No symbol) [0x00007FF7ABE9B56A]\n\t(No symbol) [0x00007FF7ABEEF695]\n\t(No symbol) [0x00007FF7ABEEF8EC]\n\t(No symbol) [0x00007FF7ABF3B777]\n\t(No symbol) [0x00007FF7ABF171CF]\n\t(No symbol) [0x00007FF7ABF3851C]\n\t(No symbol) [0x00007FF7ABF16F33]\n\t(No symbol) [0x00007FF7ABEE116F]\n\t(No symbol) [0x00007FF7ABEE22D1]\n\tGetHandleVerifier [0x00007FF7AC39C96D+3378253]\n\tGetHandleVerifier [0x00007FF7AC3E8497+3688311]\n\tGetHandleVerifier [0x00007FF7AC3DD1CB+3642539]\n\tGetHandleVerifier [0x00007FF7AC12A6B6+813462]\n\t(No symbol) [0x00007FF7ABFEAB5F]\n\t(No symbol) [0x00007FF7ABFE6B74]\n\t(No symbol) [0x00007FF7ABFE6D10]\n\t(No symbol) [0x00007FF7ABFD5C1F]\n\tBaseThreadInitThunk [0x00007FFB4660257D+29]\n\tRtlUserThreadStart [0x00007FFB46CAAF28+40]\n"}} | headers=HTTPHeaderDict({'Content-Length': '1067', 'Content-Type': 'application/json; charset=utf-8', 'cache-control': 'no-cache'})
DEBUG    selenium.webdriver.remote.remote_connection:remote_connection.py:361 Finished Request
DEBUG    selenium.webdriver.remote.remote_connection:remote_connection.py:305 POST http://localhost:58174/session/04978daf5f135dd9a2b95ab0d05bd2f5/url {'url': 'https://www.flipkart.com'}
DEBUG    urllib3.connectionpool:connectionpool.py:546 http://localhost:58174 "POST /session/04978daf5f135dd9a2b95ab0d05bd2f5/url HTTP/11" 200 0
DEBUG    selenium.webdriver.remote.remote_connection:remote_connection.py:334 Remote response: status=200 | data={"value":null} | headers=HTTPHeaderDict({'Content-Length': '14', 'Content-Type': 'application/json; charset=utf-8', 'cache-control': 'no-cache'})
DEBUG    selenium.webdriver.remote.remote_connection:remote_connection.py:361 Finished Request
DEBUG    selenium.webdriver.remote.remote_connection:remote_connection.py:305 POST http://localhost:58174/session/04978daf5f135dd9a2b95ab0d05bd2f5/element {'using': 'xpath', 'value': "//button[contains(text(), '✕')]"}
DEBUG    urllib3.connectionpool:connectionpool.py:546 http://localhost:58174 "POST /session/04978daf5f135dd9a2b95ab0d05bd2f5/element HTTP/11" 404 0
DEBUG    selenium.webdriver.remote.remote_connection:remote_connection.py:334 Remote response: status=404 | data={"value":{"error":"no such element","message":"no such element: Unable to locate element: {\"method\":\"xpath\",\"selector\":\"//button[contains(text(), '✕')]\"}\n  (Session info: chrome=129.0.6668.101)","stacktrace":"\tGetHandleVerifier [0x00007FF7AC06B095+29557]\n\t(No symbol) [0x00007FF7ABFDFA50]\n\t(No symbol) [0x00007FF7ABE9B56A]\n\t(No symbol) [0x00007FF7ABEEF695]\n\t(No symbol) [0x00007FF7ABEEF8EC]\n\t(No symbol) [0x00007FF7ABF3B777]\n\t(No symbol) [0x00007FF7ABF171CF]\n\t(No symbol) [0x00007FF7ABF3851C]\n\t(No symbol) [0x00007FF7ABF16F33]\n\t(No symbol) [0x00007FF7ABEE116F]\n\t(No symbol) [0x00007FF7ABEE22D1]\n\tGetHandleVerifier [0x00007FF7AC39C96D+3378253]\n\tGetHandleVerifier [0x00007FF7AC3E8497+3688311]\n\tGetHandleVerifier [0x00007FF7AC3DD1CB+3642539]\n\tGetHandleVerifier [0x00007FF7AC12A6B6+813462]\n\t(No symbol) [0x00007FF7ABFEAB5F]\n\t(No symbol) [0x00007FF7ABFE6B74]\n\t(No symbol) [0x00007FF7ABFE6D10]\n\t(No symbol) [0x00007FF7ABFD5C1F]\n\tBaseThreadInitThunk [0x00007FFB4660257D+29]\n\tRtlUserThreadStart [0x00007FFB46CAAF28+40]\n"}} | headers=HTTPHeaderDict({'Content-Length': '1067', 'Content-Type': 'application/json; charset=utf-8', 'cache-control': 'no-cache'})
DEBUG    selenium.webdriver.remote.remote_connection:remote_connection.py:361 Finished Request
DEBUG    selenium.webdriver.remote.remote_connection:remote_connection.py:305 POST http://localhost:58174/session/04978daf5f135dd9a2b95ab0d05bd2f5/element {'using': 'css selector', 'value': '[name="q"]'}
DEBUG    urllib3.connectionpool:connectionpool.py:546 http://localhost:58174 "POST /session/04978daf5f135dd9a2b95ab0d05bd2f5/element HTTP/11" 200 0
DEBUG    selenium.webdriver.remote.remote_connection:remote_connection.py:334 Remote response: status=200 | data={"value":{"element-6066-11e4-a52e-4f735466cecf":"f.DCB4436D8BBCB32AFF0B8F47CD70B06C.d.421FADDC0E3520E54A1A9BB378A75768.e.190"}} | headers=HTTPHeaderDict({'Content-Length': '127', 'Content-Type': 'application/json; charset=utf-8', 'cache-control': 'no-cache'})
DEBUG    selenium.webdriver.remote.remote_connection:remote_connection.py:361 Finished Request
DEBUG    selenium.webdriver.remote.remote_connection:remote_connection.py:305 POST http://localhost:58174/session/04978daf5f135dd9a2b95ab0d05bd2f5/element/f.DCB4436D8BBCB32AFF0B8F47CD70B06C.d.421FADDC0E3520E54A1A9BB378A75768.e.190/clear {}
DEBUG    urllib3.connectionpool:connectionpool.py:546 http://localhost:58174 "POST /session/04978daf5f135dd9a2b95ab0d05bd2f5/element/f.DCB4436D8BBCB32AFF0B8F47CD70B06C.d.421FADDC0E3520E54A1A9BB378A75768.e.190/clear HTTP/11" 200 0
DEBUG    selenium.webdriver.remote.remote_connection:remote_connection.py:334 Remote response: status=200 | data={"value":null} | headers=HTTPHeaderDict({'Content-Length': '14', 'Content-Type': 'application/json; charset=utf-8', 'cache-control': 'no-cache'})
DEBUG    selenium.webdriver.remote.remote_connection:remote_connection.py:361 Finished Request
DEBUG    selenium.webdriver.remote.remote_connection:remote_connection.py:305 POST http://localhost:58174/session/04978daf5f135dd9a2b95ab0d05bd2f5/element/f.DCB4436D8BBCB32AFF0B8F47CD70B06C.d.421FADDC0E3520E54A1A9BB378A75768.e.190/value {'text': 'invalidproduct123', 'value': ['i', 'n', 'v', 'a', 'l', 'i', 'd', 'p', 'r', 'o', 'd', 'u', 'c', 't', '1', '2', '3']}
DEBUG    urllib3.connectionpool:connectionpool.py:546 http://localhost:58174 "POST /session/04978daf5f135dd9a2b95ab0d05bd2f5/element/f.DCB4436D8BBCB32AFF0B8F47CD70B06C.d.421FADDC0E3520E54A1A9BB378A75768.e.190/value HTTP/11" 200 0
DEBUG    selenium.webdriver.remote.remote_connection:remote_connection.py:334 Remote response: status=200 | data={"value":null} | headers=HTTPHeaderDict({'Content-Length': '14', 'Content-Type': 'application/json; charset=utf-8', 'cache-control': 'no-cache'})
DEBUG    selenium.webdriver.remote.remote_connection:remote_connection.py:361 Finished Request
DEBUG    selenium.webdriver.remote.remote_connection:remote_connection.py:305 POST http://localhost:58174/session/04978daf5f135dd9a2b95ab0d05bd2f5/execute/sync {'script': '/* submitForm */var form = arguments[0];\nwhile (form.nodeName != "FORM" && form.parentNode) {\n  form...', 'args': [{'element-6066-11e4-a52e-4f735466cecf': 'f.DCB4436D8BBCB32AFF0B8F47CD70B06C.d.421FADDC0E3520E54A1A9BB378A75768.e.190'}]}
DEBUG    urllib3.connectionpool:connectionpool.py:546 http://localhost:58174 "POST /session/04978daf5f135dd9a2b95ab0d05bd2f5/execute/sync HTTP/11" 200 0
DEBUG    selenium.webdriver.remote.remote_connection:remote_connection.py:334 Remote response: status=200 | data={"value":null} | headers=HTTPHeaderDict({'Content-Length': '14', 'Content-Type': 'application/json; charset=utf-8', 'cache-control': 'no-cache'})
DEBUG    selenium.webdriver.remote.remote_connection:remote_connection.py:361 Finished Request
DEBUG    selenium.webdriver.remote.remote_connection:remote_connection.py:305 POST http://localhost:58174/session/04978daf5f135dd9a2b95ab0d05bd2f5/element {'using': 'xpath', 'value': "//div[contains(text(), 'No results found')]"}
DEBUG    urllib3.connectionpool:connectionpool.py:546 http://localhost:58174 "POST /session/04978daf5f135dd9a2b95ab0d05bd2f5/element HTTP/11" 404 0
DEBUG    selenium.webdriver.remote.remote_connection:remote_connection.py:334 Remote response: status=404 | data={"value":{"error":"no such element","message":"no such element: Unable to locate element: {\"method\":\"xpath\",\"selector\":\"//div[contains(text(), 'No results found')]\"}\n  (Session info: chrome=129.0.6668.101)","stacktrace":"\tGetHandleVerifier [0x00007FF7AC06B095+29557]\n\t(No symbol) [0x00007FF7ABFDFA50]\n\t(No symbol) [0x00007FF7ABE9B56A]\n\t(No symbol) [0x00007FF7ABEEF695]\n\t(No symbol) [0x00007FF7ABEEF8EC]\n\t(No symbol) [0x00007FF7ABF3B777]\n\t(No symbol) [0x00007FF7ABF171CF]\n\t(No symbol) [0x00007FF7ABF3851C]\n\t(No symbol) [0x00007FF7ABF16F33]\n\t(No symbol) [0x00007FF7ABEE116F]\n\t(No symbol) [0x00007FF7ABEE22D1]\n\tGetHandleVerifier [0x00007FF7AC39C96D+3378253]\n\tGetHandleVerifier [0x00007FF7AC3E8497+3688311]\n\tGetHandleVerifier [0x00007FF7AC3DD1CB+3642539]\n\tGetHandleVerifier [0x00007FF7AC12A6B6+813462]\n\t(No symbol) [0x00007FF7ABFEAB5F]\n\t(No symbol) [0x00007FF7ABFE6B74]\n\t(No symbol) [0x00007FF7ABFE6D10]\n\t(No symbol) [0x00007FF7ABFD5C1F]\n\tBaseThreadInitThunk [0x00007FFB4660257D+29]\n\tRtlUserThreadStart [0x00007FFB46CAAF28+40]\n"}} | headers=HTTPHeaderDict({'Content-Length': '1077', 'Content-Type': 'application/json; charset=utf-8', 'cache-control': 'no-cache'})
DEBUG    selenium.webdriver.remote.remote_connection:remote_connection.py:361 Finished Request
DEBUG    selenium.webdriver.remote.remote_connection:remote_connection.py:305 POST http://localhost:58174/session/04978daf5f135dd9a2b95ab0d05bd2f5/url {'url': 'https://www.flipkart.com'}
DEBUG    urllib3.connectionpool:connectionpool.py:546 http://localhost:58174 "POST /session/04978daf5f135dd9a2b95ab0d05bd2f5/url HTTP/11" 200 0
DEBUG    selenium.webdriver.remote.remote_connection:remote_connection.py:334 Remote response: status=200 | data={"value":null} | headers=HTTPHeaderDict({'Content-Length': '14', 'Content-Type': 'application/json; charset=utf-8', 'cache-control': 'no-cache'})
DEBUG    selenium.webdriver.remote.remote_connection:remote_connection.py:361 Finished Request
DEBUG    selenium.webdriver.remote.remote_connection:remote_connection.py:305 POST http://localhost:58174/session/04978daf5f135dd9a2b95ab0d05bd2f5/element {'using': 'xpath', 'value': "//button[contains(text(), '✕')]"}
DEBUG    urllib3.connectionpool:connectionpool.py:546 http://localhost:58174 "POST /session/04978daf5f135dd9a2b95ab0d05bd2f5/element HTTP/11" 404 0
DEBUG    selenium.webdriver.remote.remote_connection:remote_connection.py:334 Remote response: status=404 | data={"value":{"error":"no such element","message":"no such element: Unable to locate element: {\"method\":\"xpath\",\"selector\":\"//button[contains(text(), '✕')]\"}\n  (Session info: chrome=129.0.6668.101)","stacktrace":"\tGetHandleVerifier [0x00007FF7AC06B095+29557]\n\t(No symbol) [0x00007FF7ABFDFA50]\n\t(No symbol) [0x00007FF7ABE9B56A]\n\t(No symbol) [0x00007FF7ABEEF695]\n\t(No symbol) [0x00007FF7ABEEF8EC]\n\t(No symbol) [0x00007FF7ABF3B777]\n\t(No symbol) [0x00007FF7ABF171CF]\n\t(No symbol) [0x00007FF7ABF3851C]\n\t(No symbol) [0x00007FF7ABF16F33]\n\t(No symbol) [0x00007FF7ABEE116F]\n\t(No symbol) [0x00007FF7ABEE22D1]\n\tGetHandleVerifier [0x00007FF7AC39C96D+3378253]\n\tGetHandleVerifier [0x00007FF7AC3E8497+3688311]\n\tGetHandleVerifier [0x00007FF7AC3DD1CB+3642539]\n\tGetHandleVerifier [0x00007FF7AC12A6B6+813462]\n\t(No symbol) [0x00007FF7ABFEAB5F]\n\t(No symbol) [0x00007FF7ABFE6B74]\n\t(No symbol) [0x00007FF7ABFE6D10]\n\t(No symbol) [0x00007FF7ABFD5C1F]\n\tBaseThreadInitThunk [0x00007FFB4660257D+29]\n\tRtlUserThreadStart [0x00007FFB46CAAF28+40]\n"}} | headers=HTTPHeaderDict({'Content-Length': '1067', 'Content-Type': 'application/json; charset=utf-8', 'cache-control': 'no-cache'})
DEBUG    selenium.webdriver.remote.remote_connection:remote_connection.py:361 Finished Request
DEBUG    selenium.webdriver.remote.remote_connection:remote_connection.py:305 POST http://localhost:58174/session/04978daf5f135dd9a2b95ab0d05bd2f5/elements {'using': 'xpath', 'value': "//button[contains(text(), '✕')]"}
DEBUG    urllib3.connectionpool:connectionpool.py:546 http://localhost:58174 "POST /session/04978daf5f135dd9a2b95ab0d05bd2f5/elements HTTP/11" 200 0
DEBUG    selenium.webdriver.remote.remote_connection:remote_connection.py:334 Remote response: status=200 | data={"value":[]} | headers=HTTPHeaderDict({'Content-Length': '12', 'Content-Type': 'application/json; charset=utf-8', 'cache-control': 'no-cache'})
DEBUG    selenium.webdriver.remote.remote_connection:remote_connection.py:361 Finished Request
DEBUG    selenium.webdriver.remote.remote_connection:remote_connection.py:305 POST http://localhost:58174/session/04978daf5f135dd9a2b95ab0d05bd2f5/url {'url': 'https://www.flipkart.com'}
DEBUG    urllib3.connectionpool:connectionpool.py:546 http://localhost:58174 "POST /session/04978daf5f135dd9a2b95ab0d05bd2f5/url HTTP/11" 200 0
DEBUG    selenium.webdriver.remote.remote_connection:remote_connection.py:334 Remote response: status=200 | data={"value":null} | headers=HTTPHeaderDict({'Content-Length': '14', 'Content-Type': 'application/json; charset=utf-8', 'cache-control': 'no-cache'})
DEBUG    selenium.webdriver.remote.remote_connection:remote_connection.py:361 Finished Request
DEBUG    selenium.webdriver.remote.remote_connection:remote_connection.py:305 POST http://localhost:58174/session/04978daf5f135dd9a2b95ab0d05bd2f5/element {'using': 'xpath', 'value': "//button[contains(text(), '✕')]"}
DEBUG    urllib3.connectionpool:connectionpool.py:546 http://localhost:58174 "POST /session/04978daf5f135dd9a2b95ab0d05bd2f5/element HTTP/11" 404 0
DEBUG    selenium.webdriver.remote.remote_connection:remote_connection.py:334 Remote response: status=404 | data={"value":{"error":"no such element","message":"no such element: Unable to locate element: {\"method\":\"xpath\",\"selector\":\"//button[contains(text(), '✕')]\"}\n  (Session info: chrome=129.0.6668.101)","stacktrace":"\tGetHandleVerifier [0x00007FF7AC06B095+29557]\n\t(No symbol) [0x00007FF7ABFDFA50]\n\t(No symbol) [0x00007FF7ABE9B56A]\n\t(No symbol) [0x00007FF7ABEEF695]\n\t(No symbol) [0x00007FF7ABEEF8EC]\n\t(No symbol) [0x00007FF7ABF3B777]\n\t(No symbol) [0x00007FF7ABF171CF]\n\t(No symbol) [0x00007FF7ABF3851C]\n\t(No symbol) [0x00007FF7ABF16F33]\n\t(No symbol) [0x00007FF7ABEE116F]\n\t(No symbol) [0x00007FF7ABEE22D1]\n\tGetHandleVerifier [0x00007FF7AC39C96D+3378253]\n\tGetHandleVerifier [0x00007FF7AC3E8497+3688311]\n\tGetHandleVerifier [0x00007FF7AC3DD1CB+3642539]\n\tGetHandleVerifier [0x00007FF7AC12A6B6+813462]\n\t(No symbol) [0x00007FF7ABFEAB5F]\n\t(No symbol) [0x00007FF7ABFE6B74]\n\t(No symbol) [0x00007FF7ABFE6D10]\n\t(No symbol) [0x00007FF7ABFD5C1F]\n\tBaseThreadInitThunk [0x00007FFB4660257D+29]\n\tRtlUserThreadStart [0x00007FFB46CAAF28+40]\n"}} | headers=HTTPHeaderDict({'Content-Length': '1067', 'Content-Type': 'application/json; charset=utf-8', 'cache-control': 'no-cache'})
DEBUG    selenium.webdriver.remote.remote_connection:remote_connection.py:361 Finished Request
DEBUG    selenium.webdriver.remote.remote_connection:remote_connection.py:305 POST http://localhost:58174/session/04978daf5f135dd9a2b95ab0d05bd2f5/element {'using': 'xpath', 'value': "//button[contains(text(), '✕')]"}
DEBUG    urllib3.connectionpool:connectionpool.py:546 http://localhost:58174 "POST /session/04978daf5f135dd9a2b95ab0d05bd2f5/element HTTP/11" 404 0
DEBUG    selenium.webdriver.remote.remote_connection:remote_connection.py:334 Remote response: status=404 | data={"value":{"error":"no such element","message":"no such element: Unable to locate element: {\"method\":\"xpath\",\"selector\":\"//button[contains(text(), '✕')]\"}\n  (Session info: chrome=129.0.6668.101)","stacktrace":"\tGetHandleVerifier [0x00007FF7AC06B095+29557]\n\t(No symbol) [0x00007FF7ABFDFA50]\n\t(No symbol) [0x00007FF7ABE9B56A]\n\t(No symbol) [0x00007FF7ABEEF695]\n\t(No symbol) [0x00007FF7ABEEF8EC]\n\t(No symbol) [0x00007FF7ABF3B777]\n\t(No symbol) [0x00007FF7ABF171CF]\n\t(No symbol) [0x00007FF7ABF3851C]\n\t(No symbol) [0x00007FF7ABF16F33]\n\t(No symbol) [0x00007FF7ABEE116F]\n\t(No symbol) [0x00007FF7ABEE22D1]\n\tGetHandleVerifier [0x00007FF7AC39C96D+3378253]\n\tGetHandleVerifier [0x00007FF7AC3E8497+3688311]\n\tGetHandleVerifier [0x00007FF7AC3DD1CB+3642539]\n\tGetHandleVerifier [0x00007FF7AC12A6B6+813462]\n\t(No symbol) [0x00007FF7ABFEAB5F]\n\t(No symbol) [0x00007FF7ABFE6B74]\n\t(No symbol) [0x00007FF7ABFE6D10]\n\t(No symbol) [0x00007FF7ABFD5C1F]\n\tBaseThreadInitThunk [0x00007FFB4660257D+29]\n\tRtlUserThreadStart [0x00007FFB46CAAF28+40]\n"}} | headers=HTTPHeaderDict({'Content-Length': '1067', 'Content-Type': 'application/json; charset=utf-8', 'cache-control': 'no-cache'})
DEBUG    selenium.webdriver.remote.remote_connection:remote_connection.py:361 Finished Request
DEBUG    selenium.webdriver.remote.remote_connection:remote_connection.py:305 POST http://localhost:58174/session/04978daf5f135dd9a2b95ab0d05bd2f5/element {'using': 'css selector', 'value': '[name="q"]'}
DEBUG    urllib3.connectionpool:connectionpool.py:546 http://localhost:58174 "POST /session/04978daf5f135dd9a2b95ab0d05bd2f5/element HTTP/11" 200 0
DEBUG    selenium.webdriver.remote.remote_connection:remote_connection.py:334 Remote response: status=200 | data={"value":{"element-6066-11e4-a52e-4f735466cecf":"f.DCB4436D8BBCB32AFF0B8F47CD70B06C.d.6A37299986A25363A36ADB7523B7934D.e.480"}} | headers=HTTPHeaderDict({'Content-Length': '127', 'Content-Type': 'application/json; charset=utf-8', 'cache-control': 'no-cache'})
DEBUG    selenium.webdriver.remote.remote_connection:remote_connection.py:361 Finished Request
DEBUG    selenium.webdriver.remote.remote_connection:remote_connection.py:305 POST http://localhost:58174/session/04978daf5f135dd9a2b95ab0d05bd2f5/element/f.DCB4436D8BBCB32AFF0B8F47CD70B06C.d.6A37299986A25363A36ADB7523B7934D.e.480/clear {}
DEBUG    urllib3.connectionpool:connectionpool.py:546 http://localhost:58174 "POST /session/04978daf5f135dd9a2b95ab0d05bd2f5/element/f.DCB4436D8BBCB32AFF0B8F47CD70B06C.d.6A37299986A25363A36ADB7523B7934D.e.480/clear HTTP/11" 200 0
DEBUG    selenium.webdriver.remote.remote_connection:remote_connection.py:334 Remote response: status=200 | data={"value":null} | headers=HTTPHeaderDict({'Content-Length': '14', 'Content-Type': 'application/json; charset=utf-8', 'cache-control': 'no-cache'})
DEBUG    selenium.webdriver.remote.remote_connection:remote_connection.py:361 Finished Request
DEBUG    selenium.webdriver.remote.remote_connection:remote_connection.py:305 POST http://localhost:58174/session/04978daf5f135dd9a2b95ab0d05bd2f5/element/f.DCB4436D8BBCB32AFF0B8F47CD70B06C.d.6A37299986A25363A36ADB7523B7934D.e.480/value {'text': 'Laptops', 'value': ['L', 'a', 'p', 't', 'o', 'p', 's']}
DEBUG    urllib3.connectionpool:connectionpool.py:546 http://localhost:58174 "POST /session/04978daf5f135dd9a2b95ab0d05bd2f5/element/f.DCB4436D8BBCB32AFF0B8F47CD70B06C.d.6A37299986A25363A36ADB7523B7934D.e.480/value HTTP/11" 200 0
DEBUG    selenium.webdriver.remote.remote_connection:remote_connection.py:334 Remote response: status=200 | data={"value":null} | headers=HTTPHeaderDict({'Content-Length': '14', 'Content-Type': 'application/json; charset=utf-8', 'cache-control': 'no-cache'})
DEBUG    selenium.webdriver.remote.remote_connection:remote_connection.py:361 Finished Request
DEBUG    selenium.webdriver.remote.remote_connection:remote_connection.py:305 POST http://localhost:58174/session/04978daf5f135dd9a2b95ab0d05bd2f5/execute/sync {'script': '/* submitForm */var form = arguments[0];\nwhile (form.nodeName != "FORM" && form.parentNode) {\n  form...', 'args': [{'element-6066-11e4-a52e-4f735466cecf': 'f.DCB4436D8BBCB32AFF0B8F47CD70B06C.d.6A37299986A25363A36ADB7523B7934D.e.480'}]}
DEBUG    urllib3.connectionpool:connectionpool.py:546 http://localhost:58174 "POST /session/04978daf5f135dd9a2b95ab0d05bd2f5/execute/sync HTTP/11" 200 0
DEBUG    selenium.webdriver.remote.remote_connection:remote_connection.py:334 Remote response: status=200 | data={"value":null} | headers=HTTPHeaderDict({'Content-Length': '14', 'Content-Type': 'application/json; charset=utf-8', 'cache-control': 'no-cache'})
DEBUG    selenium.webdriver.remote.remote_connection:remote_connection.py:361 Finished Request
DEBUG    selenium.webdriver.remote.remote_connection:remote_connection.py:305 POST http://localhost:58174/session/04978daf5f135dd9a2b95ab0d05bd2f5/element {'using': 'css selector', 'value': '[name="q"]'}
DEBUG    urllib3.connectionpool:connectionpool.py:546 http://localhost:58174 "POST /session/04978daf5f135dd9a2b95ab0d05bd2f5/element HTTP/11" 200 0
DEBUG    selenium.webdriver.remote.remote_connection:remote_connection.py:334 Remote response: status=200 | data={"value":{"element-6066-11e4-a52e-4f735466cecf":"f.DCB4436D8BBCB32AFF0B8F47CD70B06C.d.8B9FCDE0672E3A578BB15C2A58E4A24E.e.627"}} | headers=HTTPHeaderDict({'Content-Length': '127', 'Content-Type': 'application/json; charset=utf-8', 'cache-control': 'no-cache'})
DEBUG    selenium.webdriver.remote.remote_connection:remote_connection.py:361 Finished Request
DEBUG    selenium.webdriver.remote.remote_connection:remote_connection.py:305 POST http://localhost:58174/session/04978daf5f135dd9a2b95ab0d05bd2f5/element/f.DCB4436D8BBCB32AFF0B8F47CD70B06C.d.8B9FCDE0672E3A578BB15C2A58E4A24E.e.627/clear {}
DEBUG    urllib3.connectionpool:connectionpool.py:546 http://localhost:58174 "POST /session/04978daf5f135dd9a2b95ab0d05bd2f5/element/f.DCB4436D8BBCB32AFF0B8F47CD70B06C.d.8B9FCDE0672E3A578BB15C2A58E4A24E.e.627/clear HTTP/11" 200 0
DEBUG    selenium.webdriver.remote.remote_connection:remote_connection.py:334 Remote response: status=200 | data={"value":null} | headers=HTTPHeaderDict({'Content-Length': '14', 'Content-Type': 'application/json; charset=utf-8', 'cache-control': 'no-cache'})
DEBUG    selenium.webdriver.remote.remote_connection:remote_connection.py:361 Finished Request
DEBUG    selenium.webdriver.remote.remote_connection:remote_connection.py:305 POST http://localhost:58174/session/04978daf5f135dd9a2b95ab0d05bd2f5/element/f.DCB4436D8BBCB32AFF0B8F47CD70B06C.d.8B9FCDE0672E3A578BB15C2A58E4A24E.e.627/value {'text': 'Laptops', 'value': ['L', 'a', 'p', 't', 'o', 'p', 's']}
DEBUG    urllib3.connectionpool:connectionpool.py:546 http://localhost:58174 "POST /session/04978daf5f135dd9a2b95ab0d05bd2f5/element/f.DCB4436D8BBCB32AFF0B8F47CD70B06C.d.8B9FCDE0672E3A578BB15C2A58E4A24E.e.627/value HTTP/11" 200 0
DEBUG    selenium.webdriver.remote.remote_connection:remote_connection.py:334 Remote response: status=200 | data={"value":null} | headers=HTTPHeaderDict({'Content-Length': '14', 'Content-Type': 'application/json; charset=utf-8', 'cache-control': 'no-cache'})
DEBUG    selenium.webdriver.remote.remote_connection:remote_connection.py:361 Finished Request
DEBUG    selenium.webdriver.remote.remote_connection:remote_connection.py:305 POST http://localhost:58174/session/04978daf5f135dd9a2b95ab0d05bd2f5/execute/sync {'script': '/* submitForm */var form = arguments[0];\nwhile (form.nodeName != "FORM" && form.parentNode) {\n  form...', 'args': [{'element-6066-11e4-a52e-4f735466cecf': 'f.DCB4436D8BBCB32AFF0B8F47CD70B06C.d.8B9FCDE0672E3A578BB15C2A58E4A24E.e.627'}]}
DEBUG    urllib3.connectionpool:connectionpool.py:546 http://localhost:58174 "POST /session/04978daf5f135dd9a2b95ab0d05bd2f5/execute/sync HTTP/11" 200 0
DEBUG    selenium.webdriver.remote.remote_connection:remote_connection.py:334 Remote response: status=200 | data={"value":null} | headers=HTTPHeaderDict({'Content-Length': '14', 'Content-Type': 'application/json; charset=utf-8', 'cache-control': 'no-cache'})
DEBUG    selenium.webdriver.remote.remote_connection:remote_connection.py:361 Finished Request
DEBUG    selenium.webdriver.remote.remote_connection:remote_connection.py:305 POST http://localhost:58174/session/04978daf5f135dd9a2b95ab0d05bd2f5/element {'using': 'css selector', 'value': '[name="q"]'}
DEBUG    urllib3.connectionpool:connectionpool.py:546 http://localhost:58174 "POST /session/04978daf5f135dd9a2b95ab0d05bd2f5/element HTTP/11" 200 0
DEBUG    selenium.webdriver.remote.remote_connection:remote_connection.py:334 Remote response: status=200 | data={"value":{"element-6066-11e4-a52e-4f735466cecf":"f.DCB4436D8BBCB32AFF0B8F47CD70B06C.d.8B9FCDE0672E3A578BB15C2A58E4A24E.e.627"}} | headers=HTTPHeaderDict({'Content-Length': '127', 'Content-Type': 'application/json; charset=utf-8', 'cache-control': 'no-cache'})
DEBUG    selenium.webdriver.remote.remote_connection:remote_connection.py:361 Finished Request
DEBUG    selenium.webdriver.remote.remote_connection:remote_connection.py:305 POST http://localhost:58174/session/04978daf5f135dd9a2b95ab0d05bd2f5/element/f.DCB4436D8BBCB32AFF0B8F47CD70B06C.d.8B9FCDE0672E3A578BB15C2A58E4A24E.e.627/clear {}
DEBUG    urllib3.connectionpool:connectionpool.py:546 http://localhost:58174 "POST /session/04978daf5f135dd9a2b95ab0d05bd2f5/element/f.DCB4436D8BBCB32AFF0B8F47CD70B06C.d.8B9FCDE0672E3A578BB15C2A58E4A24E.e.627/clear HTTP/11" 200 0
DEBUG    selenium.webdriver.remote.remote_connection:remote_connection.py:334 Remote response: status=200 | data={"value":null} | headers=HTTPHeaderDict({'Content-Length': '14', 'Content-Type': 'application/json; charset=utf-8', 'cache-control': 'no-cache'})
DEBUG    selenium.webdriver.remote.remote_connection:remote_connection.py:361 Finished Request
DEBUG    selenium.webdriver.remote.remote_connection:remote_connection.py:305 POST http://localhost:58174/session/04978daf5f135dd9a2b95ab0d05bd2f5/element/f.DCB4436D8BBCB32AFF0B8F47CD70B06C.d.8B9FCDE0672E3A578BB15C2A58E4A24E.e.627/value {'text': 'Mobile Phones', 'value': ['M', 'o', 'b', 'i', 'l', 'e', ' ', 'P', 'h', 'o', 'n', 'e', 's']}
DEBUG    urllib3.connectionpool:connectionpool.py:546 http://localhost:58174 "POST /session/04978daf5f135dd9a2b95ab0d05bd2f5/element/f.DCB4436D8BBCB32AFF0B8F47CD70B06C.d.8B9FCDE0672E3A578BB15C2A58E4A24E.e.627/value HTTP/11" 200 0
DEBUG    selenium.webdriver.remote.remote_connection:remote_connection.py:334 Remote response: status=200 | data={"value":null} | headers=HTTPHeaderDict({'Content-Length': '14', 'Content-Type': 'application/json; charset=utf-8', 'cache-control': 'no-cache'})
DEBUG    selenium.webdriver.remote.remote_connection:remote_connection.py:361 Finished Request
DEBUG    selenium.webdriver.remote.remote_connection:remote_connection.py:305 POST http://localhost:58174/session/04978daf5f135dd9a2b95ab0d05bd2f5/execute/sync {'script': '/* submitForm */var form = arguments[0];\nwhile (form.nodeName != "FORM" && form.parentNode) {\n  form...', 'args': [{'element-6066-11e4-a52e-4f735466cecf': 'f.DCB4436D8BBCB32AFF0B8F47CD70B06C.d.8B9FCDE0672E3A578BB15C2A58E4A24E.e.627'}]}
DEBUG    urllib3.connectionpool:connectionpool.py:546 http://localhost:58174 "POST /session/04978daf5f135dd9a2b95ab0d05bd2f5/execute/sync HTTP/11" 200 0
DEBUG    selenium.webdriver.remote.remote_connection:remote_connection.py:334 Remote response: status=200 | data={"value":null} | headers=HTTPHeaderDict({'Content-Length': '14', 'Content-Type': 'application/json; charset=utf-8', 'cache-control': 'no-cache'})
DEBUG    selenium.webdriver.remote.remote_connection:remote_connection.py:361 Finished Request
DEBUG    selenium.webdriver.remote.remote_connection:remote_connection.py:305 POST http://localhost:58174/session/04978daf5f135dd9a2b95ab0d05bd2f5/element {'using': 'css selector', 'value': '[name="q"]'}
DEBUG    urllib3.connectionpool:connectionpool.py:546 http://localhost:58174 "POST /session/04978daf5f135dd9a2b95ab0d05bd2f5/element HTTP/11" 200 0
DEBUG    selenium.webdriver.remote.remote_connection:remote_connection.py:334 Remote response: status=200 | data={"value":{"element-6066-11e4-a52e-4f735466cecf":"f.DCB4436D8BBCB32AFF0B8F47CD70B06C.d.8B9FCDE0672E3A578BB15C2A58E4A24E.e.627"}} | headers=HTTPHeaderDict({'Content-Length': '127', 'Content-Type': 'application/json; charset=utf-8', 'cache-control': 'no-cache'})
DEBUG    selenium.webdriver.remote.remote_connection:remote_connection.py:361 Finished Request
DEBUG    selenium.webdriver.remote.remote_connection:remote_connection.py:305 POST http://localhost:58174/session/04978daf5f135dd9a2b95ab0d05bd2f5/element/f.DCB4436D8BBCB32AFF0B8F47CD70B06C.d.8B9FCDE0672E3A578BB15C2A58E4A24E.e.627/clear {}
DEBUG    urllib3.connectionpool:connectionpool.py:546 http://localhost:58174 "POST /session/04978daf5f135dd9a2b95ab0d05bd2f5/element/f.DCB4436D8BBCB32AFF0B8F47CD70B06C.d.8B9FCDE0672E3A578BB15C2A58E4A24E.e.627/clear HTTP/11" 200 0
DEBUG    selenium.webdriver.remote.remote_connection:remote_connection.py:334 Remote response: status=200 | data={"value":null} | headers=HTTPHeaderDict({'Content-Length': '14', 'Content-Type': 'application/json; charset=utf-8', 'cache-control': 'no-cache'})
DEBUG    selenium.webdriver.remote.remote_connection:remote_connection.py:361 Finished Request
DEBUG    selenium.webdriver.remote.remote_connection:remote_connection.py:305 POST http://localhost:58174/session/04978daf5f135dd9a2b95ab0d05bd2f5/element/f.DCB4436D8BBCB32AFF0B8F47CD70B06C.d.8B9FCDE0672E3A578BB15C2A58E4A24E.e.627/value {'text': 'Mobile Phones', 'value': ['M', 'o', 'b', 'i', 'l', 'e', ' ', 'P', 'h', 'o', 'n', 'e', 's']}
DEBUG    urllib3.connectionpool:connectionpool.py:546 http://localhost:58174 "POST /session/04978daf5f135dd9a2b95ab0d05bd2f5/element/f.DCB4436D8BBCB32AFF0B8F47CD70B06C.d.8B9FCDE0672E3A578BB15C2A58E4A24E.e.627/value HTTP/11" 200 0
DEBUG    selenium.webdriver.remote.remote_connection:remote_connection.py:334 Remote response: status=200 | data={"value":null} | headers=HTTPHeaderDict({'Content-Length': '14', 'Content-Type': 'application/json; charset=utf-8', 'cache-control': 'no-cache'})
DEBUG    selenium.webdriver.remote.remote_connection:remote_connection.py:361 Finished Request
DEBUG    selenium.webdriver.remote.remote_connection:remote_connection.py:305 POST http://localhost:58174/session/04978daf5f135dd9a2b95ab0d05bd2f5/execute/sync {'script': '/* submitForm */var form = arguments[0];\nwhile (form.nodeName != "FORM" && form.parentNode) {\n  form...', 'args': [{'element-6066-11e4-a52e-4f735466cecf': 'f.DCB4436D8BBCB32AFF0B8F47CD70B06C.d.8B9FCDE0672E3A578BB15C2A58E4A24E.e.627'}]}
DEBUG    urllib3.connectionpool:connectionpool.py:546 http://localhost:58174 "POST /session/04978daf5f135dd9a2b95ab0d05bd2f5/execute/sync HTTP/11" 200 0
DEBUG    selenium.webdriver.remote.remote_connection:remote_connection.py:334 Remote response: status=200 | data={"value":null} | headers=HTTPHeaderDict({'Content-Length': '14', 'Content-Type': 'application/json; charset=utf-8', 'cache-control': 'no-cache'})
DEBUG    selenium.webdriver.remote.remote_connection:remote_connection.py:361 Finished Request
DEBUG    selenium.webdriver.remote.remote_connection:remote_connection.py:305 POST http://localhost:58174/session/04978daf5f135dd9a2b95ab0d05bd2f5/element {'using': 'css selector', 'value': '[name="q"]'}
DEBUG    urllib3.connectionpool:connectionpool.py:546 http://localhost:58174 "POST /session/04978daf5f135dd9a2b95ab0d05bd2f5/element HTTP/11" 200 0
DEBUG    selenium.webdriver.remote.remote_connection:remote_connection.py:334 Remote response: status=200 | data={"value":{"element-6066-11e4-a52e-4f735466cecf":"f.DCB4436D8BBCB32AFF0B8F47CD70B06C.d.8B9FCDE0672E3A578BB15C2A58E4A24E.e.627"}} | headers=HTTPHeaderDict({'Content-Length': '127', 'Content-Type': 'application/json; charset=utf-8', 'cache-control': 'no-cache'})
DEBUG    selenium.webdriver.remote.remote_connection:remote_connection.py:361 Finished Request
DEBUG    selenium.webdriver.remote.remote_connection:remote_connection.py:305 POST http://localhost:58174/session/04978daf5f135dd9a2b95ab0d05bd2f5/element/f.DCB4436D8BBCB32AFF0B8F47CD70B06C.d.8B9FCDE0672E3A578BB15C2A58E4A24E.e.627/clear {}
DEBUG    urllib3.connectionpool:connectionpool.py:546 http://localhost:58174 "POST /session/04978daf5f135dd9a2b95ab0d05bd2f5/element/f.DCB4436D8BBCB32AFF0B8F47CD70B06C.d.8B9FCDE0672E3A578BB15C2A58E4A24E.e.627/clear HTTP/11" 200 0
DEBUG    selenium.webdriver.remote.remote_connection:remote_connection.py:334 Remote response: status=200 | data={"value":null} | headers=HTTPHeaderDict({'Content-Length': '14', 'Content-Type': 'application/json; charset=utf-8', 'cache-control': 'no-cache'})
DEBUG    selenium.webdriver.remote.remote_connection:remote_connection.py:361 Finished Request
DEBUG    selenium.webdriver.remote.remote_connection:remote_connection.py:305 POST http://localhost:58174/session/04978daf5f135dd9a2b95ab0d05bd2f5/element/f.DCB4436D8BBCB32AFF0B8F47CD70B06C.d.8B9FCDE0672E3A578BB15C2A58E4A24E.e.627/value {'text': 'Headphones', 'value': ['H', 'e', 'a', 'd', 'p', 'h', 'o', 'n', 'e', 's']}
DEBUG    urllib3.connectionpool:connectionpool.py:546 http://localhost:58174 "POST /session/04978daf5f135dd9a2b95ab0d05bd2f5/element/f.DCB4436D8BBCB32AFF0B8F47CD70B06C.d.8B9FCDE0672E3A578BB15C2A58E4A24E.e.627/value HTTP/11" 200 0
DEBUG    selenium.webdriver.remote.remote_connection:remote_connection.py:334 Remote response: status=200 | data={"value":null} | headers=HTTPHeaderDict({'Content-Length': '14', 'Content-Type': 'application/json; charset=utf-8', 'cache-control': 'no-cache'})
DEBUG    selenium.webdriver.remote.remote_connection:remote_connection.py:361 Finished Request
DEBUG    selenium.webdriver.remote.remote_connection:remote_connection.py:305 POST http://localhost:58174/session/04978daf5f135dd9a2b95ab0d05bd2f5/execute/sync {'script': '/* submitForm */var form = arguments[0];\nwhile (form.nodeName != "FORM" && form.parentNode) {\n  form...', 'args': [{'element-6066-11e4-a52e-4f735466cecf': 'f.DCB4436D8BBCB32AFF0B8F47CD70B06C.d.8B9FCDE0672E3A578BB15C2A58E4A24E.e.627'}]}
DEBUG    urllib3.connectionpool:connectionpool.py:546 http://localhost:58174 "POST /session/04978daf5f135dd9a2b95ab0d05bd2f5/execute/sync HTTP/11" 200 0
DEBUG    selenium.webdriver.remote.remote_connection:remote_connection.py:334 Remote response: status=200 | data={"value":null} | headers=HTTPHeaderDict({'Content-Length': '14', 'Content-Type': 'application/json; charset=utf-8', 'cache-control': 'no-cache'})
DEBUG    selenium.webdriver.remote.remote_connection:remote_connection.py:361 Finished Request
DEBUG    selenium.webdriver.remote.remote_connection:remote_connection.py:305 POST http://localhost:58174/session/04978daf5f135dd9a2b95ab0d05bd2f5/element {'using': 'css selector', 'value': '[name="q"]'}
DEBUG    urllib3.connectionpool:connectionpool.py:546 http://localhost:58174 "POST /session/04978daf5f135dd9a2b95ab0d05bd2f5/element HTTP/11" 200 0
DEBUG    selenium.webdriver.remote.remote_connection:remote_connection.py:334 Remote response: status=200 | data={"value":{"element-6066-11e4-a52e-4f735466cecf":"f.DCB4436D8BBCB32AFF0B8F47CD70B06C.d.8B9FCDE0672E3A578BB15C2A58E4A24E.e.627"}} | headers=HTTPHeaderDict({'Content-Length': '127', 'Content-Type': 'application/json; charset=utf-8', 'cache-control': 'no-cache'})
DEBUG    selenium.webdriver.remote.remote_connection:remote_connection.py:361 Finished Request
DEBUG    selenium.webdriver.remote.remote_connection:remote_connection.py:305 POST http://localhost:58174/session/04978daf5f135dd9a2b95ab0d05bd2f5/element/f.DCB4436D8BBCB32AFF0B8F47CD70B06C.d.8B9FCDE0672E3A578BB15C2A58E4A24E.e.627/clear {}
DEBUG    urllib3.connectionpool:connectionpool.py:546 http://localhost:58174 "POST /session/04978daf5f135dd9a2b95ab0d05bd2f5/element/f.DCB4436D8BBCB32AFF0B8F47CD70B06C.d.8B9FCDE0672E3A578BB15C2A58E4A24E.e.627/clear HTTP/11" 200 0
DEBUG    selenium.webdriver.remote.remote_connection:remote_connection.py:334 Remote response: status=200 | data={"value":null} | headers=HTTPHeaderDict({'Content-Length': '14', 'Content-Type': 'application/json; charset=utf-8', 'cache-control': 'no-cache'})
DEBUG    selenium.webdriver.remote.remote_connection:remote_connection.py:361 Finished Request
DEBUG    selenium.webdriver.remote.remote_connection:remote_connection.py:305 POST http://localhost:58174/session/04978daf5f135dd9a2b95ab0d05bd2f5/element/f.DCB4436D8BBCB32AFF0B8F47CD70B06C.d.8B9FCDE0672E3A578BB15C2A58E4A24E.e.627/value {'text': 'Headphones', 'value': ['H', 'e', 'a', 'd', 'p', 'h', 'o', 'n', 'e', 's']}
DEBUG    urllib3.connectionpool:connectionpool.py:546 http://localhost:58174 "POST /session/04978daf5f135dd9a2b95ab0d05bd2f5/element/f.DCB4436D8BBCB32AFF0B8F47CD70B06C.d.8B9FCDE0672E3A578BB15C2A58E4A24E.e.627/value HTTP/11" 200 0
DEBUG    selenium.webdriver.remote.remote_connection:remote_connection.py:334 Remote response: status=200 | data={"value":null} | headers=HTTPHeaderDict({'Content-Length': '14', 'Content-Type': 'application/json; charset=utf-8', 'cache-control': 'no-cache'})
DEBUG    selenium.webdriver.remote.remote_connection:remote_connection.py:361 Finished Request
DEBUG    selenium.webdriver.remote.remote_connection:remote_connection.py:305 POST http://localhost:58174/session/04978daf5f135dd9a2b95ab0d05bd2f5/execute/sync {'script': '/* submitForm */var form = arguments[0];\nwhile (form.nodeName != "FORM" && form.parentNode) {\n  form...', 'args': [{'element-6066-11e4-a52e-4f735466cecf': 'f.DCB4436D8BBCB32AFF0B8F47CD70B06C.d.8B9FCDE0672E3A578BB15C2A58E4A24E.e.627'}]}
DEBUG    urllib3.connectionpool:connectionpool.py:546 http://localhost:58174 "POST /session/04978daf5f135dd9a2b95ab0d05bd2f5/execute/sync HTTP/11" 200 0
DEBUG    selenium.webdriver.remote.remote_connection:remote_connection.py:334 Remote response: status=200 | data={"value":null} | headers=HTTPHeaderDict({'Content-Length': '14', 'Content-Type': 'application/json; charset=utf-8', 'cache-control': 'no-cache'})
DEBUG    selenium.webdriver.remote.remote_connection:remote_connection.py:361 Finished Request
DEBUG    selenium.webdriver.remote.remote_connection:remote_connection.py:305 DELETE http://localhost:58174/session/04978daf5f135dd9a2b95ab0d05bd2f5 {}
DEBUG    urllib3.connectionpool:connectionpool.py:546 http://localhost:58174 "DELETE /session/04978daf5f135dd9a2b95ab0d05bd2f5 HTTP/11" 200 0
DEBUG    selenium.webdriver.remote.remote_connection:remote_connection.py:334 Remote response: status=200 | data={"value":null} | headers=HTTPHeaderDict({'Content-Length': '14', 'Content-Type': 'application/json; charset=utf-8', 'cache-control': 'no-cache'})
DEBUG    selenium.webdriver.remote.remote_connection:remote_connection.py:361 Finished Request
